// Jest Snapshot v1, https://goo.gl/fbAQLP

exports[`<ReactSlider> can render 1`] = `
<div
  className="slider"
  onClick={[Function]}
  onMouseDown={[Function]}
  style={
    Object {
      "position": "relative",
    }
  }
>
  <div
    aria-valuemax={100}
    aria-valuemin={0}
    aria-valuenow={0}
    className="handle handle-0 "
    onFocus={[Function]}
    onMouseDown={[Function]}
    onTouchStart={[Function]}
    role="slider"
    style={
      Object {
        "left": "0px",
        "position": "absolute",
        "willChange": "",
        "zIndex": 1,
      }
    }
    tabIndex={0}
  />
</div>
`;
